D:/Stas/Documents/GitHub/STM32f103-baremetal_Workspace/chip_header/CMSIS/Include/core_cm3.h:1511:22:__NVIC_EnableIRQ	16	static
../Src/uart.c:32:5:__io_putchar	16	static
../Src/uart.c:37:6:dma1_usart_init	24	static
../Src/uart.c:70:6:uart2_tx_init	8	static
../Src/uart.c:90:6:uart2_rxtx_init	8	static
../Src/uart.c:112:6:uart2_rxtx_interrupt_init	8	static
../Src/uart.c:137:6:uart2_write	16	static
../Src/uart.c:144:6:uart2_read	4	static
../Src/uart.c:149:13:uart_set_baudrate	24	static
../Src/uart.c:153:17:compute_uart_div	16	static
