22:12:40 **** Incremental Build of configuration Debug for project 13_OutputCompare ****
make -j8 all 
arm-none-eabi-gcc "../Src/tim.c" -mcpu=cortex-m3 -std=gnu11 -g3 -DDEBUG -DSTM32 -DSTM32F1 -DSTM32F103C8Tx -DSTM32F103x6 -c -I../Inc -I"D:/Stas/Documents/GitHub/STM32f103-baremetal_Workspace/chip_header/CMSIS/Device/ST/STM32F1xx/Include" -I"D:/Stas/Documents/GitHub/STM32f103-baremetal_Workspace/chip_header/CMSIS/Include" -O0 -ffunction-sections -fdata-sections -Wall -fstack-usage -MMD -MP -MF"Src/tim.d" -MT"Src/tim.o" --specs=nano.specs -mfloat-abi=soft -mthumb -o "Src/tim.o"
arm-none-eabi-gcc -o "13_OutputCompare.elf" @"objects.list"   -mcpu=cortex-m3 -T"D:\Stas\Documents\GitHub\STM32f103-baremetal_Workspace\13_OutputCompare\STM32F103C8TX_FLASH.ld" --specs=nosys.specs -Wl,-Map="13_OutputCompare.map" -Wl,--gc-sections -static --specs=nano.specs -mfloat-abi=soft -mthumb -Wl,--start-group -lc -lm -Wl,--end-group
Finished building target: 13_OutputCompare.elf
 
arm-none-eabi-size   13_OutputCompare.elf 
arm-none-eabi-objdump -h -S  13_OutputCompare.elf  > "13_OutputCompare.list"
   text	   data	    bss	    dec	    hex	filename
    708	      8	   1568	   2284	    8ec	13_OutputCompare.elf
Finished building: default.size.stdout
 
Finished building: 13_OutputCompare.list
 

22:12:40 Build Finished. 0 errors, 0 warnings. (took 676ms)

