12:16:14 **** Incremental Build of configuration Debug for project 15_InputInterrupt ****
make -j8 all 
arm-none-eabi-gcc "../Src/exti.c" -mcpu=cortex-m3 -std=gnu11 -g3 -DDEBUG -DSTM32 -DSTM32F1 -DSTM32F103C8Tx -DSTM32F103x6 -c -I../Inc -I"D:/Stas/Documents/GitHub/STM32f103-baremetal_Workspace/chip_header/CMSIS/Device/ST/STM32F1xx/Include" -I"D:/Stas/Documents/GitHub/STM32f103-baremetal_Workspace/chip_header/CMSIS/Include" -O0 -ffunction-sections -fdata-sections -Wall -fstack-usage -MMD -MP -MF"Src/exti.d" -MT"Src/exti.o" --specs=nano.specs -mfloat-abi=soft -mthumb -o "Src/exti.o"
arm-none-eabi-gcc -o "15_InputInterrupt.elf" @"objects.list"   -mcpu=cortex-m3 -T"D:\Stas\Documents\GitHub\STM32f103-baremetal_Workspace\15_InputInterrupt\STM32F103C8TX_FLASH.ld" --specs=nosys.specs -Wl,-Map="15_InputInterrupt.map" -Wl,--gc-sections -static --specs=nano.specs -mfloat-abi=soft -mthumb -Wl,--start-group -lc -lm -Wl,--end-group
Finished building target: 15_InputInterrupt.elf
 
arm-none-eabi-size   15_InputInterrupt.elf 
arm-none-eabi-objdump -h -S  15_InputInterrupt.elf  > "15_InputInterrupt.list"
   text	   data	    bss	    dec	    hex	filename
   5384	    108	   1588	   7080	   1ba8	15_InputInterrupt.elf
Finished building: default.size.stdout
 
Finished building: 15_InputInterrupt.list
 

12:16:15 Build Finished. 0 errors, 0 warnings. (took 686ms)

