23:44:37 **** Incremental Build of configuration Debug for project 14_InputCapture ****
make -j8 all 
arm-none-eabi-gcc "../Src/main.c" -mcpu=cortex-m3 -std=gnu11 -g3 -DDEBUG -DSTM32 -DSTM32F1 -DSTM32F103C8Tx -DSTM32F103x6 -c -I../Inc -I"D:/Stas/Documents/GitHub/STM32f103-baremetal_Workspace/chip_header/CMSIS/Device/ST/STM32F1xx/Include" -I"D:/Stas/Documents/GitHub/STM32f103-baremetal_Workspace/chip_header/CMSIS/Include" -O0 -ffunction-sections -fdata-sections -Wall -fstack-usage -MMD -MP -MF"Src/main.d" -MT"Src/main.o" --specs=nano.specs -mfloat-abi=soft -mthumb -o "Src/main.o"
arm-none-eabi-gcc -o "14_InputCapture.elf" @"objects.list"   -mcpu=cortex-m3 -T"D:\Stas\Documents\GitHub\STM32f103-baremetal_Workspace\14_InputCapture\STM32F103C8TX_FLASH.ld" --specs=nosys.specs -Wl,-Map="14_InputCapture.map" -Wl,--gc-sections -static --specs=nano.specs -mfloat-abi=soft -mthumb -Wl,--start-group -lc -lm -Wl,--end-group
Finished building target: 14_InputCapture.elf
 
arm-none-eabi-size   14_InputCapture.elf 
arm-none-eabi-objdump -h -S  14_InputCapture.elf  > "14_InputCapture.list"
   text	   data	    bss	    dec	    hex	filename
    860	     12	   1564	   2436	    984	14_InputCapture.elf
Finished building: default.size.stdout
 
Finished building: 14_InputCapture.list
 
23:44:45 **** Incremental Build of configuration Debug for project 14_InputCapture ****
make -j8 all 
arm-none-eabi-size   14_InputCapture.elf 
   text	   data	    bss	    dec	    hex	filename
    860	     12	   1564	   2436	    984	14_InputCapture.elf
Finished building: default.size.stdout
 
11:48:09 **** Incremental Build of configuration Debug for project 14_InputCapture ****
make -j8 all 
arm-none-eabi-gcc "../Src/main.c" -mcpu=cortex-m3 -std=gnu11 -g3 -DDEBUG -DSTM32 -DSTM32F1 -DSTM32F103C8Tx -DSTM32F103x6 -c -I../Inc -I"D:/Stas/Documents/GitHub/STM32f103-baremetal_Workspace/chip_header/CMSIS/Device/ST/STM32F1xx/Include" -I"D:/Stas/Documents/GitHub/STM32f103-baremetal_Workspace/chip_header/CMSIS/Include" -O0 -ffunction-sections -fdata-sections -Wall -fstack-usage -MMD -MP -MF"Src/main.d" -MT"Src/main.o" --specs=nano.specs -mfloat-abi=soft -mthumb -o "Src/main.o"
arm-none-eabi-gcc "../Src/tim.c" -mcpu=cortex-m3 -std=gnu11 -g3 -DDEBUG -DSTM32 -DSTM32F1 -DSTM32F103C8Tx -DSTM32F103x6 -c -I../Inc -I"D:/Stas/Documents/GitHub/STM32f103-baremetal_Workspace/chip_header/CMSIS/Device/ST/STM32F1xx/Include" -I"D:/Stas/Documents/GitHub/STM32f103-baremetal_Workspace/chip_header/CMSIS/Include" -O0 -ffunction-sections -fdata-sections -Wall -fstack-usage -MMD -MP -MF"Src/tim.d" -MT"Src/tim.o" --specs=nano.specs -mfloat-abi=soft -mthumb -o "Src/tim.o"
arm-none-eabi-gcc -o "14_InputCapture.elf" @"objects.list"   -mcpu=cortex-m3 -T"D:\Stas\Documents\GitHub\STM32f103-baremetal_Workspace\14_InputCapture\STM32F103C8TX_FLASH.ld" --specs=nosys.specs -Wl,-Map="14_InputCapture.map" -Wl,--gc-sections -static --specs=nano.specs -mfloat-abi=soft -mthumb -Wl,--start-group -lc -lm -Wl,--end-group
Finished building target: 14_InputCapture.elf
 
arm-none-eabi-size   14_InputCapture.elf 
arm-none-eabi-objdump -h -S  14_InputCapture.elf  > "14_InputCapture.list"
   text	   data	    bss	    dec	    hex	filename
    860	     12	   1564	   2436	    984	14_InputCapture.elf
Finished building: default.size.stdout
 
Finished building: 14_InputCapture.list
 
