15:52:00 **** Incremental Build of configuration Debug for project 21_I2C_adxl345 ****
make -j8 all 
arm-none-eabi-size   21_I2C_adxl345.elf 
   text	   data	    bss	    dec	    hex	filename
    900	      8	   1568	   2476	    9ac	21_I2C_adxl345.elf
Finished building: default.size.stdout
 
15:52:05 **** Incremental Build of configuration Debug for project 21_I2C_adxl345 ****
make -j8 all 
arm-none-eabi-size   21_I2C_adxl345.elf 
   text	   data	    bss	    dec	    hex	filename
    900	      8	   1568	   2476	    9ac	21_I2C_adxl345.elf
Finished building: default.size.stdout
 
15:57:03 **** Incremental Build of configuration Debug for project 21_I2C_adxl345 ****
make -j8 all 
arm-none-eabi-size   21_I2C_adxl345.elf 
   text	   data	    bss	    dec	    hex	filename
    900	      8	   1568	   2476	    9ac	21_I2C_adxl345.elf
Finished building: default.size.stdout
 
